Analyzing attendance_admin...

  error - lib/core/di/providers.dart:43:41 - The name 'ThemeMode' isn't a type, so it can't be used as a type argument. Try correcting the name to an existing type, or defining a type named 'ThemeMode'. - non_type_as_type_argument
  error - lib/core/di/providers.dart:44:10 - Undefined name 'ThemeMode'. Try correcting the name to one that is defined, or defining the name. - undefined_identifier
  error - lib/core/theme/app_theme.dart:40:5 - The named parameter 'inverseOnSurface' isn't defined. Try correcting the name to an existing named parameter's name, or defining a named parameter with the name 'inverseOnSurface'. - undefined_named_parameter
  error - lib/core/theme/app_theme.dart:73:5 - The named parameter 'inverseOnSurface' isn't defined. Try correcting the name to an existing named parameter's name, or defining a named parameter with the name 'inverseOnSurface'. - undefined_named_parameter
  error - lib/core/theme/app_theme.dart:97:33 - The getter 'appBarBackground' isn't defined for the type 'Type'. Try importing the library that defines 'appBarBackground', correcting the name to the name of an existing getter, or defining a getter or field named 'appBarBackground'. - undefined_getter
  error - lib/core/theme/app_theme.dart:98:33 - The getter 'appBarForeground' isn't defined for the type 'Type'. Try importing the library that defines 'appBarForeground', correcting the name to the name of an existing getter, or defining a getter or field named 'appBarForeground'. - undefined_getter
  error - lib/core/theme/app_theme.dart:107:48 - The getter 'appBarForeground' isn't defined for the type 'Type'. Try importing the library that defines 'appBarForeground', correcting the name to the name of an existing getter, or defining a getter or field named 'appBarForeground'. - undefined_getter
  error - lib/core/theme/app_theme.dart:112:23 - The getter 'cardBackground' isn't defined for the type 'Type'. Try importing the library that defines 'cardBackground', correcting the name to the name of an existing getter, or defining a getter or field named 'cardBackground'. - undefined_getter
  error - lib/core/theme/app_theme.dart:114:29 - The getter 'cardShadow' isn't defined for the type 'Type'. Try importing the library that defines 'cardShadow', correcting the name to the name of an existing getter, or defining a getter or field named 'cardShadow'. - undefined_getter
  error - lib/core/theme/app_theme.dart:124:35 - The getter 'primary' isn't defined for the type 'Type'. Try importing the library that defines 'primary', correcting the name to the name of an existing getter, or defining a getter or field named 'primary'. - undefined_getter
  error - lib/core/theme/app_theme.dart:125:35 - The getter 'onPrimary' isn't defined for the type 'Type'. Try importing the library that defines 'onPrimary', correcting the name to the name of an existing getter, or defining a getter or field named 'onPrimary'. - undefined_getter
  error - lib/core/theme/app_theme.dart:142:35 - The getter 'primary' isn't defined for the type 'Type'. Try importing the library that defines 'primary', correcting the name to the name of an existing getter, or defining a getter or field named 'primary'. - undefined_getter
  error - lib/core/theme/app_theme.dart:143:35 - The getter 'onPrimary' isn't defined for the type 'Type'. Try importing the library that defines 'onPrimary', correcting the name to the name of an existing getter, or defining a getter or field named 'onPrimary'. - undefined_getter
  error - lib/core/theme/app_theme.dart:159:35 - The getter 'primary' isn't defined for the type 'Type'. Try importing the library that defines 'primary', correcting the name to the name of an existing getter, or defining a getter or field named 'primary'. - undefined_getter
  error - lib/core/theme/app_theme.dart:161:42 - The getter 'outline' isn't defined for the type 'Type'. Try importing the library that defines 'outline', correcting the name to the name of an existing getter, or defining a getter or field named 'outline'. - undefined_getter
  error - lib/core/theme/app_theme.dart:176:35 - The getter 'primary' isn't defined for the type 'Type'. Try importing the library that defines 'primary', correcting the name to the name of an existing getter, or defining a getter or field named 'primary'. - undefined_getter
  error - lib/core/theme/app_theme.dart:189:27 - The getter 'inputFill' isn't defined for the type 'Type'. Try importing the library that defines 'inputFill', correcting the name to the name of an existing getter, or defining a getter or field named 'inputFill'. - undefined_getter
  error - lib/core/theme/app_theme.dart:193:48 - The getter 'inputBorder' isn't defined for the type 'Type'. Try importing the library that defines 'inputBorder', correcting the name to the name of an existing getter, or defining a getter or field named 'inputBorder'. - undefined_getter
  error - lib/core/theme/app_theme.dart:197:48 - The getter 'inputBorder' isn't defined for the type 'Type'. Try importing the library that defines 'inputBorder', correcting the name to the name of an existing getter, or defining a getter or field named 'inputBorder'. - undefined_getter
  error - lib/core/theme/app_theme.dart:201:48 - The getter 'inputFocusedBorder' isn't defined for the type 'Type'. Try importing the library that defines 'inputFocusedBorder', correcting the name to the name of an existing getter, or defining a getter or field named 'inputFocusedBorder'. - undefined_getter
  error - lib/core/theme/app_theme.dart:205:48 - The getter 'error' isn't defined for the type 'Type'. Try importing the library that defines 'error', correcting the name to the name of an existing getter, or defining a getter or field named 'error'. - undefined_getter
  error - lib/core/theme/app_theme.dart:207:33 - The getter 'outline' isn't defined for the type 'Type'. Try importing the library that defines 'outline', correcting the name to the name of an existing getter, or defining a getter or field named 'outline'. - undefined_getter
  error - lib/core/theme/app_theme.dart:208:33 - The getter 'outline' isn't defined for the type 'Type'. Try importing the library that defines 'outline', correcting the name to the name of an existing getter, or defining a getter or field named 'outline'. - undefined_getter
  error - lib/core/theme/app_theme.dart:211:25 - The getter 'onSurface' isn't defined for the type 'Type'. Try importing the library that defines 'onSurface', correcting the name to the name of an existing getter, or defining a getter or field named 'onSurface'. - undefined_getter
  error - lib/core/theme/app_theme.dart:215:25 - The getter 'onSurface' isn't defined for the type 'Type'. Try importing the library that defines 'onSurface', correcting the name to the name of an existing getter, or defining a getter or field named 'onSurface'. - undefined_getter
  error - lib/core/theme/app_theme.dart:221:33 - The getter 'fabBackground' isn't defined for the type 'Type'. Try importing the library that defines 'fabBackground', correcting the name to the name of an existing getter, or defining a getter or field named 'fabBackground'. - undefined_getter
  error - lib/core/theme/app_theme.dart:222:33 - The getter 'fabForeground' isn't defined for the type 'Type'. Try importing the library that defines 'fabForeground', correcting the name to the name of an existing getter, or defining a getter or field named 'fabForeground'. - undefined_getter
  error - lib/core/theme/app_theme.dart:231:33 - The getter 'navigationBar' isn't defined for the type 'Type'. Try importing the library that defines 'navigationBar', correcting the name to the name of an existing getter, or defining a getter or field named 'navigationBar'. - undefined_getter
  error - lib/core/theme/app_theme.dart:232:32 - The getter 'navigationBarSelected' isn't defined for the type 'Type'. Try importing the library that defines 'navigationBarSelected', correcting the name to the name of an existing getter, or defining a getter or field named 'navigationBarSelected'. - undefined_getter
  error - lib/core/theme/app_theme.dart:240:29 - The getter 'navigationBarSelected' isn't defined for the type 'Type'. Try importing the library that defines 'navigationBarSelected', correcting the name to the name of an existing getter, or defining a getter or field named 'navigationBarSelected'. - undefined_getter
  error - lib/core/theme/app_theme.dart:247:27 - The getter 'navigationBarUnselected' isn't defined for the type 'Type'. Try importing the library that defines 'navigationBarUnselected', correcting the name to the name of an existing getter, or defining a getter or field named 'navigationBarUnselected'. - undefined_getter
  error - lib/core/theme/app_theme.dart:252:48 - The getter 'navigationBarSelected' isn't defined for the type 'Type'. Try importing the library that defines 'navigationBarSelected', correcting the name to the name of an existing getter, or defining a getter or field named 'navigationBarSelected'. - undefined_getter
  error - lib/core/theme/app_theme.dart:254:46 - The getter 'navigationBarUnselected' isn't defined for the type 'Type'. Try importing the library that defines 'navigationBarUnselected', correcting the name to the name of an existing getter, or defining a getter or field named 'navigationBarUnselected'. - undefined_getter
  error - lib/core/theme/app_theme.dart:260:33 - The getter 'bottomSheet' isn't defined for the type 'Type'. Try importing the library that defines 'bottomSheet', correcting the name to the name of an existing getter, or defining a getter or field named 'bottomSheet'. - undefined_getter
  error - lib/core/theme/app_theme.dart:267:20 - The argument type 'DialogTheme' can't be assigned to the parameter type 'DialogThemeData?'.  - argument_type_not_assignable
  error - lib/core/theme/app_theme.dart:268:33 - The getter 'dialogBackground' isn't defined for the type 'Type'. Try importing the library that defines 'dialogBackground', correcting the name to the name of an existing getter, or defining a getter or field named 'dialogBackground'. - undefined_getter
  error - lib/core/theme/app_theme.dart:276:25 - The getter 'onSurface' isn't defined for the type 'Type'. Try importing the library that defines 'onSurface', correcting the name to the name of an existing getter, or defining a getter or field named 'onSurface'. - undefined_getter
  error - lib/core/theme/app_theme.dart:281:25 - The getter 'onSurface' isn't defined for the type 'Type'. Try importing the library that defines 'onSurface', correcting the name to the name of an existing getter, or defining a getter or field named 'onSurface'. - undefined_getter
  error - lib/core/theme/app_theme.dart:287:33 - The getter 'snackbarBackground' isn't defined for the type 'Type'. Try importing the library that defines 'snackbarBackground', correcting the name to the name of an existing getter, or defining a getter or field named 'snackbarBackground'. - undefined_getter
  error - lib/core/theme/app_theme.dart:290:25 - The getter 'snackbarForeground' isn't defined for the type 'Type'. Try importing the library that defines 'snackbarForeground', correcting the name to the name of an existing getter, or defining a getter or field named 'snackbarForeground'. - undefined_getter
  error - lib/core/theme/app_theme.dart:300:23 - The getter 'divider' isn't defined for the type 'Type'. Try importing the library that defines 'divider', correcting the name to the name of an existing getter, or defining a getter or field named 'divider'. - undefined_getter
  error - lib/core/theme/app_theme.dart:306:33 - The getter 'container' isn't defined for the type 'Type'. Try importing the library that defines 'container', correcting the name to the name of an existing getter, or defining a getter or field named 'container'. - undefined_getter
  error - lib/core/theme/app_theme.dart:307:31 - The getter 'primaryContainer' isn't defined for the type 'Type'. Try importing the library that defines 'primaryContainer', correcting the name to the name of an existing getter, or defining a getter or field named 'primaryContainer'. - undefined_getter
  error - lib/core/theme/app_theme.dart:310:25 - The getter 'onContainer' isn't defined for the type 'Type'. Try importing the library that defines 'onContainer', correcting the name to the name of an existing getter, or defining a getter or field named 'onContainer'. - undefined_getter
  error - lib/core/theme/app_theme.dart:322:27 - The getter 'primary' isn't defined for the type 'Type'. Try importing the library that defines 'primary', correcting the name to the name of an existing getter, or defining a getter or field named 'primary'. - undefined_getter
  error - lib/core/theme/app_theme.dart:326:52 - The getter 'onPrimary' isn't defined for the type 'Type'. Try importing the library that defines 'onPrimary', correcting the name to the name of an existing getter, or defining a getter or field named 'onPrimary'. - undefined_getter
  error - lib/core/theme/app_theme.dart:336:27 - The getter 'primary' isn't defined for the type 'Type'. Try importing the library that defines 'primary', correcting the name to the name of an existing getter, or defining a getter or field named 'primary'. - undefined_getter
  error - lib/core/theme/app_theme.dart:338:25 - The getter 'outline' isn't defined for the type 'Type'. Try importing the library that defines 'outline', correcting the name to the name of an existing getter, or defining a getter or field named 'outline'. - undefined_getter
  error - lib/core/theme/app_theme.dart:342:27 - The getter 'primary' isn't defined for the type 'Type'. Try importing the library that defines 'primary', correcting the name to the name of an existing getter, or defining a getter or field named 'primary'. - undefined_getter
  error - lib/core/theme/app_theme.dart:344:25 - The getter 'outlineVariant' isn't defined for the type 'Type'. Try importing the library that defines 'outlineVariant', correcting the name to the name of an existing getter, or defining a getter or field named 'outlineVariant'. - undefined_getter
  error - lib/core/theme/app_theme.dart:350:23 - The getter 'primary' isn't defined for the type 'Type'. Try importing the library that defines 'primary', correcting the name to the name of an existing getter, or defining a getter or field named 'primary'. - undefined_getter
  error - lib/core/theme/app_theme.dart:351:34 - The getter 'primary' isn't defined for the type 'Type'. Try importing the library that defines 'primary', correcting the name to the name of an existing getter, or defining a getter or field named 'primary'. - undefined_getter
  error - lib/core/theme/app_theme.dart:352:36 - The getter 'primary' isn't defined for the type 'Type'. Try importing the library that defines 'primary', correcting the name to the name of an existing getter, or defining a getter or field named 'primary'. - undefined_getter
  error - lib/core/theme/app_theme.dart:358:25 - The getter 'inverseSurface' isn't defined for the type 'Type'. Try importing the library that defines 'inverseSurface', correcting the name to the name of an existing getter, or defining a getter or field named 'inverseSurface'. - undefined_getter
  error - lib/core/theme/app_theme.dart:363:25 - The getter 'inverseOnSurface' isn't defined for the type 'Type'. Try importing the library that defines 'inverseOnSurface', correcting the name to the name of an existing getter, or defining a getter or field named 'inverseOnSurface'. - undefined_getter
  error - lib/core/theme/app_theme.dart:369:20 - The argument type 'TabBarTheme' can't be assigned to the parameter type 'TabBarThemeData?'.  - argument_type_not_assignable
  error - lib/core/theme/app_theme.dart:370:28 - The getter 'primary' isn't defined for the type 'Type'. Try importing the library that defines 'primary', correcting the name to the name of an existing getter, or defining a getter or field named 'primary'. - undefined_getter
  error - lib/core/theme/app_theme.dart:371:38 - The getter 'outline' isn't defined for the type 'Type'. Try importing the library that defines 'outline', correcting the name to the name of an existing getter, or defining a getter or field named 'outline'. - undefined_getter
  error - lib/core/theme/app_theme.dart:372:32 - The getter 'primary' isn't defined for the type 'Type'. Try importing the library that defines 'primary', correcting the name to the name of an existing getter, or defining a getter or field named 'primary'. - undefined_getter
  error - lib/main.dart:88:8 - Undefined class 'GoRouter'. Try changing the name to the name of an existing class, or creating a class with the name 'GoRouter'. - undefined_class
  error - lib/main.dart:104:27 - The getter 'storageService' isn't defined for the type '_AttendanceAppState'. Try importing the library that defines 'storageService', correcting the name to the name of an existing getter, or defining a getter or field named 'storageService'. - undefined_getter
  error - lib/main.dart:131:9 - The values in a const list literal must be constants. Try removing the keyword 'const' from the list literal. - non_constant_list_element
  error - lib/main.dart:131:9 - Undefined name 'GlobalMaterialLocalizations'. Try correcting the name to one that is defined, or defining the name. - undefined_identifier
  error - lib/main.dart:132:9 - The values in a const list literal must be constants. Try removing the keyword 'const' from the list literal. - non_constant_list_element
  error - lib/main.dart:132:9 - Undefined name 'GlobalWidgetsLocalizations'. Try correcting the name to one that is defined, or defining the name. - undefined_identifier
  error - lib/main.dart:133:9 - The values in a const list literal must be constants. Try removing the keyword 'const' from the list literal. - non_constant_list_element
  error - lib/main.dart:133:9 - Undefined name 'GlobalCupertinoLocalizations'. Try correcting the name to one that is defined, or defining the name. - undefined_identifier
  error - lib/presentation/screens/about_screen.dart:75:31 - The getter 'package_outlined' isn't defined for the type 'Icons'. Try importing the library that defines 'package_outlined', correcting the name to the name of an existing getter, or defining a getter or field named 'package_outlined'. - undefined_getter
  error - lib/presentation/screens/about_screen.dart:105:124 - The method 'text' isn't defined for the type 'AboutScreen'. Try correcting the name to the name of an existing method, or defining a method named 'text'. - undefined_method
  error - lib/presentation/screens/about_screen.dart:111:44 - The getter 'file_export_outlined' isn't defined for the type 'Icons'. Try importing the library that defines 'file_export_outlined', correcting the name to the name of an existing getter, or defining a getter or field named 'file_export_outlined'. - undefined_getter
  error - lib/presentation/screens/about_screen.dart:127:32 - The name 'text' isn't a class. Try correcting the name to match an existing class. - creation_with_non_type
  error - lib/presentation/screens/about_screen.dart:134:32 - The name 'text' isn't a class. Try correcting the name to match an existing class. - creation_with_non_type
  error - lib/presentation/screens/about_screen.dart:141:32 - The name 'text' isn't a class. Try correcting the name to match an existing class. - creation_with_non_type
  error - lib/presentation/screens/about_screen.dart:148:32 - The name 'text' isn't a class. Try correcting the name to match an existing class. - creation_with_non_type
  error - lib/presentation/screens/backup_screen.dart:129:32 - The name 'text' isn't a class. Try correcting the name to match an existing class. - creation_with_non_type
  error - lib/presentation/screens/backup_screen.dart:175:22 - The name 'text' isn't a class. Try correcting the name to match an existing class. - creation_with_non_type
  error - lib/presentation/screens/backup_screen.dart:176:24 - The name 'text' isn't a class. Try correcting the name to match an existing class. - creation_with_non_type
  error - lib/presentation/screens/backup_screen.dart:178:72 - The name 'text' isn't a class. Try correcting the name to match an existing class. - creation_with_non_type
  error - lib/presentation/screens/backup_screen.dart:184:26 - The name 'text' isn't a class. Try correcting the name to match an existing class. - creation_with_non_type
  error - lib/presentation/screens/backup_screen.dart:280:22 - The name 'text' isn't a class. Try correcting the name to match an existing class. - creation_with_non_type
  error - lib/presentation/screens/backup_screen.dart:281:24 - The name 'text' isn't a class. Try correcting the name to match an existing class. - creation_with_non_type
  error - lib/presentation/screens/backup_screen.dart:283:72 - The name 'text' isn't a class. Try correcting the name to match an existing class. - creation_with_non_type
  error - lib/presentation/screens/backup_screen.dart:287:26 - The name 'text' isn't a class. Try correcting the name to match an existing class. - creation_with_non_type
  error - lib/presentation/screens/backup_screen.dart:298:22 - The name 'text' isn't a class. Try correcting the name to match an existing class. - creation_with_non_type
  error - lib/presentation/screens/backup_screen.dart:299:24 - The name 'text' isn't a class. Try correcting the name to match an existing class. - creation_with_non_type
  error - lib/presentation/screens/backup_screen.dart:301:72 - The name 'text' isn't a class. Try correcting the name to match an existing class. - creation_with_non_type
  error - lib/presentation/screens/backup_screen.dart:305:26 - The name 'text' isn't a class. Try correcting the name to match an existing class. - creation_with_non_type
  error - lib/services/database/local_database.dart:454:10 - The name 'Setting' isn't a type, so it can't be used as a type argument. Try correcting the name to an existing type, or defining a type named 'Setting'. - non_type_as_type_argument
  error - lib/services/database/local_database.dart:467:9 - The named parameter 'updatedAt' isn't defined. Try correcting the name to an existing named parameter's name, or defining a named parameter with the name 'updatedAt'. - undefined_named_parameter
  error - lib/services/database/local_database.dart:516:44 - Too many positional arguments: 0 expected, but 1 found. Try removing the extra positional arguments, or specifying the name for named arguments. - extra_positional_arguments_could_be_named
  error - lib/services/database/local_database.dart:517:13 - The method 'where' isn't defined for the type 'Expression'. Try correcting the name to the name of an existing method, or defining a method named 'where'. - undefined_method
  error - lib/services/database/local_database.dart:518:10 - The method 'getSingle' isn't defined for the type 'Expression'. Try correcting the name to the name of an existing method, or defining a method named 'getSingle'. - undefined_method
  error - lib/services/database/local_database.dart:524:45 - Too many positional arguments: 0 expected, but 1 found. Try removing the extra positional arguments, or specifying the name for named arguments. - extra_positional_arguments_could_be_named
  error - lib/services/database/local_database.dart:525:13 - The method 'where' isn't defined for the type 'Expression'. Try correcting the name to the name of an existing method, or defining a method named 'where'. - undefined_method
  error - lib/services/database/local_database.dart:529:10 - The method 'getSingle' isn't defined for the type 'Expression'. Try correcting the name to the name of an existing method, or defining a method named 'getSingle'. - undefined_method
  error - lib/services/encryption/encryption_service.dart:36:25 - The method 'convert' isn't defined for the type 'Function'. Try correcting the name to the name of an existing method, or defining a method named 'convert'. - undefined_method
  error - lib/services/encryption/encryption_service.dart:43:18 - Undefined name 'md5Hash'. Try correcting the name to one that is defined, or defining the name. - undefined_identifier
  error - lib/services/network/http_server_service.dart:40:25 - A value of type 'Future<String>' can't be returned from the function 'localIp' because it has a return type of 'String'. - return_of_invalid_type
  error - lib/services/notification/notification_service.dart:15:13 - The function 'initializeTimezone' isn't defined. Try importing the library that defines 'initializeTimezone', correcting the name to the name of an existing function, or defining a function named 'initializeTimezone'. - undefined_function
  error - test/widget_test.dart:16:35 - The name 'MyApp' isn't a class. Try correcting the name to match an existing class. - creation_with_non_type
warning - lib/presentation/screens/backup_screen.dart:15:8 - The value of the field '_isRestoring' isn't used. Try removing the field, or using it. - unused_field
warning - lib/presentation/screens/session_create_screen.dart:23:8 - The value of the field '_isLoading' isn't used. Try removing the field, or using it. - unused_field
warning - lib/services/encryption/encryption_service.dart:13:26 - The value of the field '_key' isn't used. Try removing the field, or using it. - unused_field
warning - lib/services/encryption/encryption_service.dart:111:11 - The value of the local variable 'random' isn't used. Try removing the variable or using it. - unused_local_variable
warning - lib/services/network/http_server_service.dart:16:27 - The value of the field '_encryptionService' isn't used. Try removing the field, or using it. - unused_field
warning - pubspec.yaml:109:7 - The asset directory 'assets/images/' doesn't exist. Try creating the directory or fixing the path to the directory. - asset_directory_does_not_exist
warning - pubspec.yaml:110:7 - The asset directory 'assets/icons/' doesn't exist. Try creating the directory or fixing the path to the directory. - asset_directory_does_not_exist
   info - lib/core/extensions/extensions.dart:13:58 - Unnecessary 'this.' qualifier. Try removing 'this.'. - unnecessary_this
   info - lib/core/extensions/extensions.dart:19:34 - Invalid regular expression syntax. Try correcting the regular expression. - valid_regexps
   info - lib/core/extensions/extensions.dart:83:15 - Unnecessary braces in a string interpolation. Try removing the braces. - unnecessary_brace_in_string_interps
   info - lib/core/extensions/extensions.dart:83:25 - Unnecessary braces in a string interpolation. Try removing the braces. - unnecessary_brace_in_string_interps
   info - lib/core/extensions/extensions.dart:85:15 - Unnecessary braces in a string interpolation. Try removing the braces. - unnecessary_brace_in_string_interps
   info - lib/core/extensions/extensions.dart:85:27 - Unnecessary braces in a string interpolation. Try removing the braces. - unnecessary_brace_in_string_interps
   info - lib/core/theme/app_colors.dart:194:16 - Unnecessary 'this.' qualifier. Try removing 'this.'. - unnecessary_this
   info - lib/core/theme/app_theme.dart:30:5 - 'background' is deprecated and shouldn't be used. Use surface instead. This feature was deprecated after v3.18.0-0.1.pre. Try replacing the use of the deprecated member with the replacement. - deprecated_member_use
   info - lib/core/theme/app_theme.dart:31:5 - 'onBackground' is deprecated and shouldn't be used. Use onSurface instead. This feature was deprecated after v3.18.0-0.1.pre. Try replacing the use of the deprecated member with the replacement. - deprecated_member_use
   info - lib/core/theme/app_theme.dart:63:5 - 'background' is deprecated and shouldn't be used. Use surface instead. This feature was deprecated after v3.18.0-0.1.pre. Try replacing the use of the deprecated member with the replacement. - deprecated_member_use
   info - lib/core/theme/app_theme.dart:64:5 - 'onBackground' is deprecated and shouldn't be used. Use onSurface instead. This feature was deprecated after v3.18.0-0.1.pre. Try replacing the use of the deprecated member with the replacement. - deprecated_member_use
   info - lib/core/utils/app_utils.dart:160:30 - Use interpolation to compose strings and values. Try using string interpolation to build the composite string. - prefer_interpolation_to_compose_strings
   info - lib/presentation/screens/about_screen.dart:34:70 - 'withOpacity' is deprecated and shouldn't be used. Use .withValues() to avoid precision loss. Try replacing the use of the deprecated member with the replacement. - deprecated_member_use
   info - lib/presentation/screens/about_screen.dart:62:17 - Use 'const' with the constructor to improve performance. Try adding the 'const' keyword to the constructor invocation. - prefer_const_constructors
   info - lib/presentation/screens/about_screen.dart:67:17 - Use 'const' with the constructor to improve performance. Try adding the 'const' keyword to the constructor invocation. - prefer_const_constructors
   info - lib/presentation/screens/about_screen.dart:68:17 - Use 'const' with the constructor to improve performance. Try adding the 'const' keyword to the constructor invocation. - prefer_const_constructors
   info - lib/presentation/screens/about_screen.dart:73:17 - Use 'const' with the constructor to improve performance. Try adding the 'const' keyword to the constructor invocation. - prefer_const_constructors
   info - lib/presentation/screens/about_screen.dart:79:17 - Use 'const' with the constructor to improve performance. Try adding the 'const' keyword to the constructor invocation. - prefer_const_constructors
   info - lib/presentation/screens/about_screen.dart:80:17 - Use 'const' with the constructor to improve performance. Try adding the 'const' keyword to the constructor invocation. - prefer_const_constructors
   info - lib/presentation/screens/about_screen.dart:85:17 - Use 'const' with the constructor to improve performance. Try adding the 'const' keyword to the constructor invocation. - prefer_const_constructors
   info - lib/presentation/screens/about_screen.dart:86:17 - Use 'const' with the constructor to improve performance. Try adding the 'const' keyword to the constructor invocation. - prefer_const_constructors
   info - lib/presentation/screens/about_screen.dart:107:19 - Use 'const' with the constructor to improve performance. Try adding the 'const' keyword to the constructor invocation. - prefer_const_constructors
   info - lib/presentation/screens/about_screen.dart:108:19 - Use 'const' with the constructor to improve performance. Try adding the 'const' keyword to the constructor invocation. - prefer_const_constructors
   info - lib/presentation/screens/about_screen.dart:109:19 - Use 'const' with the constructor to improve performance. Try adding the 'const' keyword to the constructor invocation. - prefer_const_constructors
   info - lib/presentation/screens/about_screen.dart:110:19 - Use 'const' with the constructor to improve performance. Try adding the 'const' keyword to the constructor invocation. - prefer_const_constructors
   info - lib/presentation/screens/about_screen.dart:112:19 - Use 'const' with the constructor to improve performance. Try adding the 'const' keyword to the constructor invocation. - prefer_const_constructors
   info - lib/presentation/screens/about_screen.dart:131:17 - Use 'const' with the constructor to improve performance. Try adding the 'const' keyword to the constructor invocation. - prefer_const_constructors
   info - lib/presentation/screens/about_screen.dart:138:17 - Use 'const' with the constructor to improve performance. Try adding the 'const' keyword to the constructor invocation. - prefer_const_constructors
   info - lib/presentation/screens/about_screen.dart:145:17 - Use 'const' with the constructor to improve performance. Try adding the 'const' keyword to the constructor invocation. - prefer_const_constructors
   info - lib/presentation/screens/about_screen.dart:223:79 - 'withOpacity' is deprecated and shouldn't be used. Use .withValues() to avoid precision loss. Try replacing the use of the deprecated member with the replacement. - deprecated_member_use
   info - lib/presentation/screens/active_session_screen.dart:79:39 - 'withOpacity' is deprecated and shouldn't be used. Use .withValues() to avoid precision loss. Try replacing the use of the deprecated member with the replacement. - deprecated_member_use
   info - lib/presentation/screens/active_session_screen.dart:88:35 - Use 'const' with the constructor to improve performance. Try adding the 'const' keyword to the constructor invocation. - prefer_const_constructors
   info - lib/presentation/screens/active_session_screen.dart:155:68 - 'withOpacity' is deprecated and shouldn't be used. Use .withValues() to avoid precision loss. Try replacing the use of the deprecated member with the replacement. - deprecated_member_use
   info - lib/presentation/screens/active_session_screen.dart:294:33 - 'withOpacity' is deprecated and shouldn't be used. Use .withValues() to avoid precision loss. Try replacing the use of the deprecated member with the replacement. - deprecated_member_use
   info - lib/presentation/screens/active_session_screen.dart:305:39 - 'withOpacity' is deprecated and shouldn't be used. Use .withValues() to avoid precision loss. Try replacing the use of the deprecated member with the replacement. - deprecated_member_use
   info - lib/presentation/screens/active_session_screen.dart:367:22 - 'withOpacity' is deprecated and shouldn't be used. Use .withValues() to avoid precision loss. Try replacing the use of the deprecated member with the replacement. - deprecated_member_use
   info - lib/presentation/screens/active_session_screen.dart:369:41 - 'withOpacity' is deprecated and shouldn't be used. Use .withValues() to avoid precision loss. Try replacing the use of the deprecated member with the replacement. - deprecated_member_use
   info - lib/presentation/screens/active_session_screen.dart:402:41 - 'withOpacity' is deprecated and shouldn't be used. Use .withValues() to avoid precision loss. Try replacing the use of the deprecated member with the replacement. - deprecated_member_use
   info - lib/presentation/screens/attendance_list_screen.dart:36:25 - Statements in an if should be enclosed in a block. Try wrapping the statement in a block. - curly_braces_in_flow_control_structures
   info - lib/presentation/screens/attendance_list_screen.dart:37:30 - Statements in an if should be enclosed in a block. Try wrapping the statement in a block. - curly_braces_in_flow_control_structures
   info - lib/presentation/screens/attendance_list_screen.dart:38:14 - Statements in an if should be enclosed in a block. Try wrapping the statement in a block. - curly_braces_in_flow_control_structures
   info - lib/presentation/screens/attendance_list_screen.dart:183:40 - 'withOpacity' is deprecated and shouldn't be used. Use .withValues() to avoid precision loss. Try replacing the use of the deprecated member with the replacement. - deprecated_member_use
   info - lib/presentation/screens/backup_screen.dart:236:32 - 'withOpacity' is deprecated and shouldn't be used. Use .withValues() to avoid precision loss. Try replacing the use of the deprecated member with the replacement. - deprecated_member_use
   info - lib/presentation/screens/backup_screen.dart:245:68 - Use 'const' with the constructor to improve performance. Try adding the 'const' keyword to the constructor invocation. - prefer_const_constructors
   info - lib/presentation/screens/backup_screen.dart:246:75 - Use 'const' with the constructor to improve performance. Try adding the 'const' keyword to the constructor invocation. - prefer_const_constructors
   info - lib/presentation/screens/backup_screen.dart:253:49 - Use 'const' with the constructor to improve performance. Try adding the 'const' keyword to the constructor invocation. - prefer_const_constructors
   info - lib/presentation/screens/dashboard_screen.dart:28:30 - The private field _recentSessions could be 'final'. Try making the field 'final'. - prefer_final_fields
   info - lib/presentation/screens/dashboard_screen.dart:212:16 - Use 'const' with the constructor to improve performance. Try adding the 'const' keyword to the constructor invocation. - prefer_const_constructors
   info - lib/presentation/screens/dashboard_screen.dart:214:21 - Use 'const' literals as arguments to constructors of '@immutable' classes. Try adding 'const' before the literal. - prefer_const_literals_to_create_immutables
   info - lib/presentation/screens/dashboard_screen.dart:367:32 - 'withOpacity' is deprecated and shouldn't be used. Use .withValues() to avoid precision loss. Try replacing the use of the deprecated member with the replacement. - deprecated_member_use
   info - lib/presentation/screens/dashboard_screen.dart:387:28 - 'withOpacity' is deprecated and shouldn't be used. Use .withValues() to avoid precision loss. Try replacing the use of the deprecated member with the replacement. - deprecated_member_use
   info - lib/presentation/screens/dashboard_screen.dart:437:38 - 'withOpacity' is deprecated and shouldn't be used. Use .withValues() to avoid precision loss. Try replacing the use of the deprecated member with the replacement. - deprecated_member_use
   info - lib/presentation/screens/dashboard_screen.dart:468:38 - 'withOpacity' is deprecated and shouldn't be used. Use .withValues() to avoid precision loss. Try replacing the use of the deprecated member with the replacement. - deprecated_member_use
   info - lib/presentation/screens/login_screen.dart:90:54 - 'withOpacity' is deprecated and shouldn't be used. Use .withValues() to avoid precision loss. Try replacing the use of the deprecated member with the replacement. - deprecated_member_use
   info - lib/presentation/screens/login_screen.dart:123:44 - 'withOpacity' is deprecated and shouldn't be used. Use .withValues() to avoid precision loss. Try replacing the use of the deprecated member with the replacement. - deprecated_member_use
   info - lib/presentation/screens/login_screen.dart:150:46 - 'withOpacity' is deprecated and shouldn't be used. Use .withValues() to avoid precision loss. Try replacing the use of the deprecated member with the replacement. - deprecated_member_use
   info - lib/presentation/screens/reports_screen.dart:142:37 - Statements in an if should be enclosed in a block. Try wrapping the statement in a block. - curly_braces_in_flow_control_structures
   info - lib/presentation/screens/reports_screen.dart:203:22 - 'withOpacity' is deprecated and shouldn't be used. Use .withValues() to avoid precision loss. Try replacing the use of the deprecated member with the replacement. - deprecated_member_use
   info - lib/presentation/screens/reports_screen.dart:205:41 - 'withOpacity' is deprecated and shouldn't be used. Use .withValues() to avoid precision loss. Try replacing the use of the deprecated member with the replacement. - deprecated_member_use
   info - lib/presentation/screens/session_create_screen.dart:23:8 - The private field _isLoading could be 'final'. Try making the field 'final'. - prefer_final_fields
   info - lib/presentation/screens/session_create_screen.dart:94:11 - 'value' is deprecated and shouldn't be used. Use initialValue instead. This will set the initial value for the form field. This feature was deprecated after v3.33.0-1.0.pre. Try replacing the use of the deprecated member with the replacement. - deprecated_member_use
   info - lib/presentation/screens/session_create_screen.dart:95:23 - Use 'const' with the constructor to improve performance. Try adding the 'const' keyword to the constructor invocation. - prefer_const_constructors
   info - lib/presentation/screens/session_create_screen.dart:131:11 - 'value' is deprecated and shouldn't be used. Use initialValue instead. This will set the initial value for the form field. This feature was deprecated after v3.33.0-1.0.pre. Try replacing the use of the deprecated member with the replacement. - deprecated_member_use
   info - lib/presentation/screens/session_create_screen.dart:132:23 - Use 'const' with the constructor to improve performance. Try adding the 'const' keyword to the constructor invocation. - prefer_const_constructors
   info - lib/presentation/screens/session_create_screen.dart:197:70 - 'withOpacity' is deprecated and shouldn't be used. Use .withValues() to avoid precision loss. Try replacing the use of the deprecated member with the replacement. - deprecated_member_use
   info - lib/presentation/screens/session_create_screen.dart:207:70 - 'withOpacity' is deprecated and shouldn't be used. Use .withValues() to avoid precision loss. Try replacing the use of the deprecated member with the replacement. - deprecated_member_use
   info - lib/presentation/screens/session_create_screen.dart:232:70 - 'withOpacity' is deprecated and shouldn't be used. Use .withValues() to avoid precision loss. Try replacing the use of the deprecated member with the replacement. - deprecated_member_use
   info - lib/presentation/screens/session_create_screen.dart:244:70 - 'withOpacity' is deprecated and shouldn't be used. Use .withValues() to avoid precision loss. Try replacing the use of the deprecated member with the replacement. - deprecated_member_use
   info - lib/presentation/screens/session_create_screen.dart:269:70 - 'withOpacity' is deprecated and shouldn't be used. Use .withValues() to avoid precision loss. Try replacing the use of the deprecated member with the replacement. - deprecated_member_use
   info - lib/presentation/screens/session_create_screen.dart:279:38 - 'withOpacity' is deprecated and shouldn't be used. Use .withValues() to avoid precision loss. Try replacing the use of the deprecated member with the replacement. - deprecated_member_use
   info - lib/presentation/screens/session_create_screen.dart:288:70 - 'withOpacity' is deprecated and shouldn't be used. Use .withValues() to avoid precision loss. Try replacing the use of the deprecated member with the replacement. - deprecated_member_use
   info - lib/presentation/screens/session_create_screen.dart:328:27 - Use 'const' with the constructor to improve performance. Try adding the 'const' keyword to the constructor invocation. - prefer_const_constructors
   info - lib/presentation/screens/session_create_screen.dart:408:19 - Use 'const' with the constructor to improve performance. Try adding the 'const' keyword to the constructor invocation. - prefer_const_constructors
   info - lib/presentation/screens/session_create_screen.dart:409:19 - Use 'const' with the constructor to improve performance. Try adding the 'const' keyword to the constructor invocation. - prefer_const_constructors
   info - lib/presentation/screens/session_create_screen.dart:429:19 - Use 'const' with the constructor to improve performance. Try adding the 'const' keyword to the constructor invocation. - prefer_const_constructors
   info - lib/presentation/screens/session_create_screen.dart:430:19 - Use 'const' with the constructor to improve performance. Try adding the 'const' keyword to the constructor invocation. - prefer_const_constructors
   info - lib/presentation/screens/session_create_screen.dart:450:19 - Use 'const' with the constructor to improve performance. Try adding the 'const' keyword to the constructor invocation. - prefer_const_constructors
   info - lib/presentation/screens/session_create_screen.dart:451:19 - Use 'const' with the constructor to improve performance. Try adding the 'const' keyword to the constructor invocation. - prefer_const_constructors
   info - lib/presentation/screens/session_detail_screen.dart:189:40 - 'withOpacity' is deprecated and shouldn't be used. Use .withValues() to avoid precision loss. Try replacing the use of the deprecated member with the replacement. - deprecated_member_use
   info - lib/presentation/screens/session_detail_screen.dart:206:68 - 'withOpacity' is deprecated and shouldn't be used. Use .withValues() to avoid precision loss. Try replacing the use of the deprecated member with the replacement. - deprecated_member_use
   info - lib/presentation/screens/session_detail_screen.dart:385:40 - 'withOpacity' is deprecated and shouldn't be used. Use .withValues() to avoid precision loss. Try replacing the use of the deprecated member with the replacement. - deprecated_member_use
   info - lib/presentation/screens/session_detail_screen.dart:397:32 - 'withOpacity' is deprecated and shouldn't be used. Use .withValues() to avoid precision loss. Try replacing the use of the deprecated member with the replacement. - deprecated_member_use
   info - lib/presentation/screens/splash_screen.dart:88:43 - 'withOpacity' is deprecated and shouldn't be used. Use .withValues() to avoid precision loss. Try replacing the use of the deprecated member with the replacement. - deprecated_member_use
   info - lib/presentation/screens/splash_screen.dart:130:34 - 'withOpacity' is deprecated and shouldn't be used. Use .withValues() to avoid precision loss. Try replacing the use of the deprecated member with the replacement. - deprecated_member_use
   info - lib/presentation/screens/student_form_screen.dart:162:15 - 'value' is deprecated and shouldn't be used. Use initialValue instead. This will set the initial value for the form field. This feature was deprecated after v3.33.0-1.0.pre. Try replacing the use of the deprecated member with the replacement. - deprecated_member_use
   info - lib/presentation/screens/student_form_screen.dart:182:21 - 'value' is deprecated and shouldn't be used. Use initialValue instead. This will set the initial value for the form field. This feature was deprecated after v3.33.0-1.0.pre. Try replacing the use of the deprecated member with the replacement. - deprecated_member_use
   info - lib/presentation/screens/student_form_screen.dart:198:21 - 'value' is deprecated and shouldn't be used. Use initialValue instead. This will set the initial value for the form field. This feature was deprecated after v3.33.0-1.0.pre. Try replacing the use of the deprecated member with the replacement. - deprecated_member_use
   info - lib/services/network/http_server_service.dart:64:13 - Use 'const' with the constructor to improve performance. Try adding the 'const' keyword to the constructor invocation. - prefer_const_constructors
   info - lib/services/network/http_server_service.dart:109:13 - Use 'const' with the constructor to improve performance. Try adding the 'const' keyword to the constructor invocation. - prefer_const_constructors
   info - lib/services/network/http_server_service.dart:452:5 - Don't invoke 'print' in production code. Try using a logging framework. - avoid_print
   info - lib/services/network/http_server_service.dart:467:7 - Don't invoke 'print' in production code. Try using a logging framework. - avoid_print
   info - lib/services/notification/notification_service.dart:48:5 - Don't invoke 'print' in production code. Try using a logging framework. - avoid_print

199 issues found.
